[mycheats.xyz/index.html]
[backblue.gif]
[fade.gif]
[index.html]
[mycheats.xyz/app/assets/img/2D.png]
[mycheats.xyz/app/assets/img/logo.png]
[mycheats.xyz/app/assets/css/bootstrap.css]
[code.jquery.com/jquery-3.6.3.js]
[mycheats.xyz/app/assets/css/config.css]
[mycheats.xyz/app/assets/css/global.css]
[mycheats.xyz/app/assets/css/new/custom1.css]
[mycheats.xyz/app/assets/css/new/responsive.css]
[mycheats.xyz/app/css/mycheatss.css]
[mycheats.xyz/app/css/aos.css]
[mycheats.xyz/app/css/all.css]
[mycheats.xyz/app/css/icons/remixicon.css]
[kit.fontawesome.com/051a3fd3e9.js]
[unpkg.com/boxicons@2.1.4/css/boxicons.min.css]
[mycheats.xyz/app/painel/status.html]
[mycheats.xyz/termos.html]
[mycheats.xyz/app/painel/login.html]
[mycheats.xyz/assets/img/gui_new_compressed.png]
[mycheats.xyz/jogos/farlight84.html]
[mycheats.xyz/app/img/FARLIGHT.png]
[mycheats.xyz/jogos/combat-master.html]
[mycheats.xyz/app/img/Combat Master.png]
[mycheats.xyz/jogos/csgo-legit.html]
[mycheats.xyz/app/img/CSGO.png]
[mycheats.xyz/jogos/mta-rage.html]
[mycheats.xyz/app/img/MTA Rage.png]
[mycheats.xyz/jogos/mta-interno.html]
[mycheats.xyz/app/img/MTA Legit.png]
[mycheats.xyz/jogos/samp-interno.html]
[mycheats.xyz/app/img/SAMP.png]
[mycheats.xyz/jogos/openspades.html]
[mycheats.xyz/app/img/OpenSpades.png]
[mycheats.xyz/app/img/DayZ.png]
[mycheats.xyz/ts3server_/mycheats]
[mycheats.xyz/app/assets/img/pix-106.png]
[mycheats.xyz/app/assets/img/razer-gold.svg]
[mycheats.xyz/app/assets/img/crypto.png]
[mycheats.xyz/app/assets/img/Qiwi-icon.png]
[mycheats.xyz/app/assets/img/paypal-icon.png]
[mycheats.xyz/app/assets/img/Buy-steam-card.png]
[mycheats.xyz/app/assets/img/stripe.svg]
[mycheats.xyz/app/assets/js/bootstrap.js]
[mycheats.xyz/app/js/jquery.min.js]
[mycheats.xyz/app/js/aos.js]
[mycheats.xyz/app/js/mycheats.js]
[mycheats.xyz/app/js/anti-debug.js]
[mycheats.xyz/app/js/vanilla-tilt.min.js]
[mycheats.xyz/index.html]
[mycheats.xyz/app/assets/css/bootstrap.css]
[mycheats.xyz/app/assets/css/config.css]
[mycheats.xyz/app/assets/img/arrow-down.png]
[mycheats.xyz/app/assets/css/global.css]
[mycheats.xyz/app/img/mycheatsn_background.jpg]
[mycheats.xyz/app/assets/css/new/custom1.css]
[mycheats.xyz/app/assets/css/new/responsive.css]
[mycheats.xyz/app/assets/img/payment-methods-large.png]
[mycheats.xyz/app/css/mycheatss.css]
[mycheats.xyz/app/css/aos.css]
[mycheats.xyz/app/css/all.css]
[mycheats.xyz/app/css/icons/remixicondf6ddf6d.woff2]
[mycheats.xyz/app/css/icons/remixicondf6ddf6d.eot]
[mycheats.xyz/app/css/icons/remixicondf6ddf6d.ttf]
[mycheats.xyz/app/css/icons/remixicondf6ddf6d.woff]
[mycheats.xyz/app/css/icons/remixicon.css]
[unpkg.com/boxicons@2.1.4/css/boxicons.min.css]
[mycheats.xyz/app/painel/assets/images/favicon.png]
[mycheats.xyz/app/css/icons/remixicondf6ddf6d.svg]
[mycheats.xyz/app/assets/js/mycheats.js]
[mycheats.xyz/app/assets/fonts/Roboto-Light.ttf]
[mycheats.xyz/app/assets/css/style_new.css]
[mycheats.xyz/app/assets/fonts/Roboto-Regular.ttf]
[mycheats.xyz/app/assets/fonts/Roboto-Medium.ttf]
[mycheats.xyz/app/assets/fonts/Roboto-Bold.ttf]
[mycheats.xyz/app/assets/fonts/Nunito-Regular.ttf]
[mycheats.xyz/app/assets/fonts/Nunito-Bold.ttf]
[code.jquery.com/jquery-3.6.3.min.js]
[cdnjs.cloudflare.com/ajax/libs/izitoast/1.4.0/css/iziToast.css]
[cdnjs.cloudflare.com/ajax/libs/izitoast/1.4.0/js/iziToast.js]
[cdn.jsdelivr.net/npm/@sweetalert2/theme-dark@4/dark.css]
[cdn.jsdelivr.net/npm/sweetalert2@11/dist/sweetalert2.min.js]
[mycheats.xyz/index-2.html]
[mycheats.xyz/app/assets/img/logo2-r.png]
[mycheats.xyz/app/js/dropdownNavbar.js]
[mycheats.xyz/app/painel/status.html]
[mycheats.xyz/app/js/preload.js]
[mycheats.xyz/app/assets/css/imports.css]
[mycheats.xyz/app/assets/css/snackbar.css]
[mycheats.xyz/app/css/mycheats.css]
[mycheats.xyz/assets/img/logo.png]
[mycheats.xyz/app/assets/js/core.js]
[mycheats.xyz/app/assets/js/snackbar.js]
[mycheats.xyz/app/js/popper.min.js]
[mycheats.xyz/app/js/particles.min.js]
[mycheats.xyz/termos.html]
[mycheats.xyz/app/painel/login.html]
[mycheats.xyz/assets/img/gui_new_compressed.html]
[mycheats.xyz/app/painel/registro.html]
[mycheats.xyz/app/previews/farlight84/SolarlandClient-Win64-Shipping_WI7wReXwUV.png]
[mycheats.xyz/app/assets/css/jogos/crossfire.css]
[mycheats.xyz/app/assets/css/imports_games.css]
[mycheats.xyz/app/css/mycheatsscache.css]
[mycheats.xyz/app/painel/login21bf.html]
[mycheats.xyz/app/previews/farlight84/SolarlandClient-Win64-Shipping_2UOPKjNwfG.png]
[mycheats.xyz/app/previews/farlight84/SolarlandClient-Win64-Shipping_fZGkNLpJ7K.png]
[mycheats.xyz/app/previews/farlight84/SolarlandClient-Win64-Shipping_nz2aIJ63X4.jpg]
[mycheats.xyz/jogos/ts3server_/mycheats]
[mycheats.xyz/jogos/farlight84.html]
[cdn.jsdelivr.net/npm/bootstrap@5.1.1/dist/js/bootstrap.bundle.min.js]
[mycheats.xyz/app/previews/combat-master/3.png]
[mycheats.xyz/app/painel/loginc3dd.html]
[mycheats.xyz/app/previews/combat-master/1.png]
[mycheats.xyz/app/previews/combat-master/2.png]
[mycheats.xyz/app/previews/combat-master/4.png]
[mycheats.xyz/jogos/combat-master.html]
[mycheats.xyz/app/previews/csgo-legit/13.jpg]
[mycheats.xyz/app/assets/img/gui_new_compressed.6e.delayed]
[mycheats.xyz/app/painel/login89d3.html]
[mycheats.xyz/app/previews/csgo-legit/1.jpg]
[mycheats.xyz/app/previews/csgo-legit/10.jpg]
[mycheats.xyz/app/previews/csgo-legit/11.jpg]
[mycheats.xyz/app/previews/csgo-legit/12.jpg]
[mycheats.xyz/app/previews/csgo-legit/14.jpg]
[mycheats.xyz/app/previews/csgo-legit/15.jpg]
[mycheats.xyz/app/previews/csgo-legit/16.jpg]
[mycheats.xyz/app/previews/csgo-legit/17.jpg]
[mycheats.xyz/app/previews/csgo-legit/18.jpg]
[mycheats.xyz/app/previews/csgo-legit/19.jpg]
[mycheats.xyz/app/previews/csgo-legit/2.jpg]
[mycheats.xyz/app/previews/csgo-legit/20.jpg]
[mycheats.xyz/app/previews/csgo-legit/21.jpg]
[mycheats.xyz/app/previews/csgo-legit/22.jpg]
[mycheats.xyz/app/previews/csgo-legit/3.jpg]
[mycheats.xyz/app/previews/csgo-legit/4.jpg]
[mycheats.xyz/app/previews/csgo-legit/5.jpg]
[mycheats.xyz/app/previews/csgo-legit/6.jpg]
[mycheats.xyz/app/previews/csgo-legit/7.jpg]
[mycheats.xyz/app/previews/csgo-legit/8.jpg]
[mycheats.xyz/app/previews/csgo-legit/9.jpg]
[mycheats.xyz/jogos/csgo-legit.html]
[mycheats.xyz/app/previews/mta-rage/2.jpg]
[mycheats.xyz/app/painel/loginf9ed.html]
[mycheats.xyz/app/previews/mta-rage/1.jpg]
[mycheats.xyz/app/previews/mta-rage/3.jpg]
[mycheats.xyz/app/previews/mta-rage/4.jpg]
[mycheats.xyz/app/previews/mta-rage/5.jpg]
[mycheats.xyz/app/previews/mta-rage/6.jpg]
[mycheats.xyz/app/previews/mta-rage/7.jpg]
[mycheats.xyz/app/previews/mta-rage/8.png]
[mycheats.xyz/app/previews/mta-rage/menu_1.png]
[mycheats.xyz/app/previews/mta-rage/menu_10.png]
[mycheats.xyz/app/previews/mta-rage/menu_11.png]
[mycheats.xyz/app/previews/mta-rage/menu_12.png]
[mycheats.xyz/app/previews/mta-rage/menu_13.png]
[mycheats.xyz/app/previews/mta-rage/menu_2.png]
[mycheats.xyz/app/previews/mta-rage/menu_3.png]
[mycheats.xyz/app/previews/mta-rage/menu_4.png]
[mycheats.xyz/app/previews/mta-rage/menu_5.png]
[mycheats.xyz/app/previews/mta-rage/menu_6.png]
[mycheats.xyz/app/previews/mta-rage/menu_7.png]
[mycheats.xyz/app/previews/mta-rage/menu_8.png]
[mycheats.xyz/app/previews/mta-rage/menu_9.png]
[mycheats.xyz/jogos/mta-rage.html]
[mycheats.xyz/app/previews/mta-interno/3.png]
[mycheats.xyz/app/painel/login4696.html]
[mycheats.xyz/app/previews/mta-interno/1.png]
[mycheats.xyz/app/previews/mta-interno/2.png]
[mycheats.xyz/app/img/video-indisponivel.png]
[mycheats.xyz/jogos/mta-interno.html]
[mycheats.xyz/app/previews/samp-interno/samp-1.png]
[mycheats.xyz/app/previews/samp-interno/samp-2.png]
[mycheats.xyz/app/previews/samp-interno/samp-3.png]
[mycheats.xyz/app/previews/samp-interno/samp-4.png]
[mycheats.xyz/app/previews/samp-interno/samp-5.png]
[mycheats.xyz/app/previews/samp-interno/samp-6.png]
[mycheats.xyz/app/previews/samp-interno/samp-7.png]
[mycheats.xyz/jogos/samp-interno.html]
[mycheats.xyz/jogos/openspades.html]
[mycheats.xyz/ts3server_/mycheats.html]
[mycheats.xyz/app/assets/img/razer-gold.svg]
[mycheats.xyz/app/assets/img/stripe.svg]
[mycheats.xyz/app/assets/js/bootstrap.js]
[mycheats.xyz/app/js/jquery.min.js]
[mycheats.xyz/app/js/aos.js]
[mycheats.xyz/app/js/mycheats.js]
[mycheats.xyz/app/js/anti-debug.js]
[mycheats.xyz/app/js/vanilla-tilt.min.js]
[mycheats.xyz/dist/index.html]
[mycheats.xyz/app/css/icons/remixicondf6ddf6d.svg]
[mycheats.xyz/app/assets/fonts/Roboto-Light.eot]
[mycheats.xyz/app/assets/fonts/Roboto-Lightd41dd41d.eot]
[mycheats.xyz/app/assets/fonts/Roboto-Light.woff2]
[mycheats.xyz/app/assets/fonts/Roboto-Light.woff]
[mycheats.xyz/app/assets/fonts/Roboto-Regular.eot]
[mycheats.xyz/app/assets/fonts/Roboto-Regulard41dd41d.eot]
[mycheats.xyz/app/assets/fonts/Roboto-Regular.woff2]
[mycheats.xyz/app/assets/fonts/Roboto-Regular.woff]
[mycheats.xyz/app/assets/fonts/Roboto-Medium.eot]
[mycheats.xyz/app/assets/fonts/Roboto-Mediumd41dd41d.eot]
[mycheats.xyz/app/assets/fonts/Roboto-Medium.woff2]
[mycheats.xyz/app/assets/fonts/Roboto-Medium.woff]
[mycheats.xyz/app/assets/fonts/Roboto-Bold.eot]
[mycheats.xyz/app/assets/fonts/Roboto-Boldd41dd41d.eot]
[mycheats.xyz/app/assets/fonts/Roboto-Bold.woff2]
[mycheats.xyz/app/assets/fonts/Roboto-Bold.woff]
[mycheats.xyz/app/assets/fonts/Nunito-Regular.eot]
[mycheats.xyz/app/assets/fonts/Nunito-Regulard41dd41d.eot]
[mycheats.xyz/app/assets/fonts/Nunito-Regular.woff2]
[mycheats.xyz/app/assets/fonts/Nunito-Regular.woff]
[mycheats.xyz/app/assets/fonts/Nunito-Bold.eot]
[mycheats.xyz/app/assets/fonts/Nunito-Boldd41dd41d.eot]
[mycheats.xyz/app/assets/fonts/Nunito-Bold.woff2]
[mycheats.xyz/app/assets/fonts/Nunito-Bold.woff]
[mycheats.xyz/app/assets/fonts/Nioiconc731.eot]
[mycheats.xyz/app/assets/fonts/Nioiconc731.ttf]
[mycheats.xyz/app/assets/Nioiconc731.woff]
[mycheats.xyz/app/assets/fonts/fa-brands-400.eot]
[mycheats.xyz/app/assets/fonts/fa-brands-400.woff2]
[mycheats.xyz/app/assets/fonts/fa-brands-400.woff]
[mycheats.xyz/app/assets/fonts/fa-brands-400.ttf]
[mycheats.xyz/app/assets/fonts/fa-brands-400.svg]
[mycheats.xyz/app/assets/fonts/fa-regular-400.eot]
[mycheats.xyz/app/assets/fonts/fa-regular-400.woff2]
[mycheats.xyz/app/assets/fonts/fa-regular-400.woff]
[mycheats.xyz/app/assets/fonts/fa-regular-400.ttf]
[mycheats.xyz/app/assets/fonts/fa-regular-400.svg]
[mycheats.xyz/app/assets/fonts/fa-solid-900.eot]
[mycheats.xyz/app/assets/fonts/fa-solid-900.woff2]
[mycheats.xyz/app/assets/fonts/fa-solid-900.woff]
[mycheats.xyz/app/assets/fonts/fa-solid-900.ttf]
[mycheats.xyz/app/assets/fonts/fa-solid-900.svg]
[mycheats.xyz/app/assets/css/style_new.css]
[mycheats.xyz/app/assets/js/mycheats.js]
[cdnjs.cloudflare.com/ajax/libs/izitoast/1.4.0/css/iziToast.css]
[cdn.jsdelivr.net/npm/@sweetalert2/theme-dark@4/dark.css]
[mycheats.xyz/index-2.html]
[mycheats.xyz/app/js/dropdownNavbar.js]
[mycheats.xyz/app/js/preload.js]
[mycheats.xyz/app/assets/css/custom.css]
[mycheats.xyz/app/assets/css/responsive.css]
[mycheats.xyz/app/assets/css/imports.css]
[mycheats.xyz/app/assets/css/snackbar.css]
[mycheats.xyz/app/css/mycheats.html]
[mycheats.xyz/assets/img/logo.html]
[mycheats.xyz/app/assets/js/core.js]
[mycheats.xyz/app/assets/js/snackbar.js]
[mycheats.xyz/app/js/popper.min.js]
[mycheats.xyz/GET]
[mycheats.xyz/Error pJS - No image.src]
[mycheats.xyz/app/js/particles.min.js]
[mycheats.xyz/app/painel/registro.html]
[mycheats.xyz/app/assets/css/new/custom-crossfire.css]
[mycheats.xyz/app/assets/css/jogos/crossfire.css]
[mycheats.xyz/app/assets/css/new/custom_new.css]
[mycheats.xyz/app/assets/css/imports_games.css]
[mycheats.xyz/app/css/mycheatsscache.css]
[mycheats.xyz/app/painel/login21bf.html]
[mycheats.xyz/jogos/ts3server_/mycheats.html]
[mycheats.xyz/app/painel/loginc3dd.html]
[mycheats.xyz/app/assets/img/gui_new_compressed.html]
[mycheats.xyz/app/painel/login89d3.html]
[mycheats.xyz/app/painel/loginf9ed.html]
[mycheats.xyz/app/painel/login4696.html]
[mycheats.xyz/dist/index.html]
[mycheats.xyz/app/assets/fonts/Roboto-Light.html]
[mycheats.xyz/app/assets/fonts/Roboto-Lightd41dd41d.html]
[mycheats.xyz/app/assets/fonts/Roboto-Light-2.html]
[mycheats.xyz/app/assets/fonts/Roboto-Light-3.html]
[mycheats.xyz/app/assets/fonts/Roboto-Regular.html]
[mycheats.xyz/app/assets/fonts/Roboto-Regulard41dd41d.html]
[mycheats.xyz/app/assets/fonts/Roboto-Regular-2.html]
[mycheats.xyz/app/assets/fonts/Roboto-Regular-3.html]
[mycheats.xyz/app/assets/fonts/Roboto-Medium.html]
[mycheats.xyz/app/assets/fonts/Roboto-Mediumd41dd41d.html]
[mycheats.xyz/app/assets/fonts/Roboto-Medium-2.html]
[mycheats.xyz/app/assets/fonts/Roboto-Medium-3.html]
[mycheats.xyz/app/assets/fonts/Roboto-Bold.html]
[mycheats.xyz/app/assets/fonts/Roboto-Boldd41dd41d.html]
[mycheats.xyz/app/assets/fonts/Roboto-Bold-2.html]
[mycheats.xyz/app/assets/fonts/Roboto-Bold-3.html]
[mycheats.xyz/app/assets/fonts/Nunito-Regular.html]
[mycheats.xyz/app/assets/fonts/Nunito-Regulard41dd41d.html]
[mycheats.xyz/app/assets/fonts/Nunito-Regular-2.html]
[mycheats.xyz/app/assets/fonts/Nunito-Regular-3.html]
[mycheats.xyz/app/assets/fonts/Nunito-Bold.html]
[mycheats.xyz/app/assets/fonts/Nunito-Boldd41dd41d.html]
[mycheats.xyz/app/assets/fonts/Nunito-Bold-2.html]
[mycheats.xyz/app/assets/fonts/Nunito-Bold-3.html]
[mycheats.xyz/app/assets/Nioiconc731.html]
[mycheats.xyz/app/assets/fonts/fa-brands-400.html]
[mycheats.xyz/app/assets/fonts/fa-brands-401.html]
[mycheats.xyz/app/assets/fonts/fa-brands-402.html]
[mycheats.xyz/app/assets/fonts/fa-brands-403.html]
[mycheats.xyz/app/assets/fonts/fa-brands-404.html]
[mycheats.xyz/app/assets/fonts/fa-regular-400.html]
[mycheats.xyz/app/assets/fonts/fa-regular-401.html]
[mycheats.xyz/app/assets/fonts/fa-regular-402.html]
[mycheats.xyz/app/assets/fonts/fa-regular-403.html]
[mycheats.xyz/app/assets/fonts/fa-regular-404.html]
[mycheats.xyz/app/assets/fonts/fa-solid-900.html]
[mycheats.xyz/app/assets/fonts/fa-solid-901.html]
[mycheats.xyz/app/assets/fonts/fa-solid-902.html]
[mycheats.xyz/app/assets/fonts/fa-solid-903.html]
[mycheats.xyz/app/assets/fonts/fa-solid-904.html]
[mycheats.xyz/app/assets/img/background.jpg]
[mycheats.xyz/app/assets/css/custom.css]
[mycheats.xyz/app/assets/css/responsive.css]
[mycheats.xyz/GET.html]
[mycheats.xyz/Error pJS - No image.html]
[mycheats.xyz/app/assets/css/new/custom-crossfire.css]
[mycheats.xyz/app/assets/css/new/custom_new.css]
